[2026-05-06 11:21:05.659] Starting optimal schedule computation...
[2026-05-06 11:21:05.659] Fetching depots from: http://20.207.122.201/evaluation-service/depots
[ERROR] [2026-05-06 11:21:05.953] Failed to fetch depots from: http://20.207.122.201/evaluation-service/depots
org.springframework.web.client.HttpClientErrorException$Unauthorized: 401 Unauthorized on GET request for "http://20.207.122.201/evaluation-service/depots": "{"message":"invalid authorization token"}"
	at org.springframework.web.client.HttpClientErrorException.create(HttpClientErrorException.java:106)
	at org.springframework.web.client.DefaultResponseErrorHandler.handleError(DefaultResponseErrorHandler.java:186)
	at org.springframework.web.client.DefaultResponseErrorHandler.handleError(DefaultResponseErrorHandler.java:147)
	at org.springframework.web.client.RestTemplate.handleResponse(RestTemplate.java:953)
	at org.springframework.web.client.RestTemplate.doExecute(RestTemplate.java:902)
	at org.springframework.web.client.RestTemplate.execute(RestTemplate.java:801)
	at org.springframework.web.client.RestTemplate.getForObject(RestTemplate.java:415)
	at com.affordmed.scheduler.service.DepotService.fetchDepots(DepotService.java:41)
	at com.affordmed.scheduler.service.SchedulingService.computeOptimalSchedules(SchedulingService.java:45)
	at com.affordmed.scheduler.controller.ScheduleController.getOptimalSchedule(ScheduleController.java:35)
	at java.base/jdk.internal.reflect.DirectMethodHandleAccessor.invoke(DirectMethodHandleAccessor.java:104)
	at java.base/java.lang.reflect.Method.invoke(Method.java:565)
	at org.springframework.web.method.support.InvocableHandlerMethod.doInvoke(InvocableHandlerMethod.java:258)
	at org.springframework.web.method.support.InvocableHandlerMethod.invokeForRequest(InvocableHandlerMethod.java:191)
	at org.springframework.web.servlet.mvc.method.annotation.ServletInvocableHandlerMethod.invokeAndHandle(ServletInvocableHandlerMethod.java:118)
	at org.springframework.web.servlet.mvc.method.annotation.RequestMappingHandlerAdapter.invokeHandlerMethod(RequestMappingHandlerAdapter.java:986)
	at org.springframework.web.servlet.mvc.method.annotation.RequestMappingHandlerAdapter.handleInternal(RequestMappingHandlerAdapter.java:891)
	at org.springframework.web.servlet.mvc.method.AbstractHandlerMethodAdapter.handle(AbstractHandlerMethodAdapter.java:87)
	at org.springframework.web.servlet.DispatcherServlet.doDispatch(DispatcherServlet.java:1089)
	at org.springframework.web.servlet.DispatcherServlet.doService(DispatcherServlet.java:979)
	at org.springframework.web.servlet.FrameworkServlet.processRequest(FrameworkServlet.java:1014)
	at org.springframework.web.servlet.FrameworkServlet.doGet(FrameworkServlet.java:903)
	at jakarta.servlet.http.HttpServlet.service(HttpServlet.java:564)
	at org.springframework.web.servlet.FrameworkServlet.service(FrameworkServlet.java:885)
	at jakarta.servlet.http.HttpServlet.service(HttpServlet.java:658)
	at org.apache.catalina.core.ApplicationFilterChain.internalDoFilter(ApplicationFilterChain.java:195)
	at org.apache.catalina.core.ApplicationFilterChain.doFilter(ApplicationFilterChain.java:140)
	at org.apache.tomcat.websocket.server.WsFilter.doFilter(WsFilter.java:51)
	at org.apache.catalina.core.ApplicationFilterChain.internalDoFilter(ApplicationFilterChain.java:164)
	at org.apache.catalina.core.ApplicationFilterChain.doFilter(ApplicationFilterChain.java:140)
	at com.affordmed.scheduler.middleware.LoggingMiddleware$LoggingFilter.doFilterInternal(LoggingMiddleware.java:124)
	at org.springframework.web.filter.OncePerRequestFilter.doFilter(OncePerRequestFilter.java:116)
	at org.apache.catalina.core.ApplicationFilterChain.internalDoFilter(ApplicationFilterChain.java:164)
	at org.apache.catalina.core.ApplicationFilterChain.doFilter(ApplicationFilterChain.java:140)
	at org.springframework.web.filter.RequestContextFilter.doFilterInternal(RequestContextFilter.java:100)
	at org.springframework.web.filter.OncePerRequestFilter.doFilter(OncePerRequestFilter.java:116)
	at org.apache.catalina.core.ApplicationFilterChain.internalDoFilter(ApplicationFilterChain.java:164)
	at org.apache.catalina.core.ApplicationFilterChain.doFilter(ApplicationFilterChain.java:140)
	at org.springframework.web.filter.FormContentFilter.doFilterInternal(FormContentFilter.java:93)
	at org.springframework.web.filter.OncePerRequestFilter.doFilter(OncePerRequestFilter.java:116)
	at org.apache.catalina.core.ApplicationFilterChain.internalDoFilter(ApplicationFilterChain.java:164)
	at org.apache.catalina.core.ApplicationFilterChain.doFilter(ApplicationFilterChain.java:140)
	at org.springframework.web.filter.CharacterEncodingFilter.doFilterInternal(CharacterEncodingFilter.java:201)
	at org.springframework.web.filter.OncePerRequestFilter.doFilter(OncePerRequestFilter.java:116)
	at org.apache.catalina.core.ApplicationFilterChain.internalDoFilter(ApplicationFilterChain.java:164)
	at org.apache.catalina.core.ApplicationFilterChain.doFilter(ApplicationFilterChain.java:140)
	at org.apache.catalina.core.StandardWrapperValve.invoke(StandardWrapperValve.java:167)
	at org.apache.catalina.core.StandardContextValve.invoke(StandardContextValve.java:90)
	at org.apache.catalina.authenticator.AuthenticatorBase.invoke(AuthenticatorBase.java:483)
	at org.apache.catalina.core.StandardHostValve.invoke(StandardHostValve.java:116)
	at org.apache.catalina.valves.ErrorReportValve.invoke(ErrorReportValve.java:93)
	at org.apache.catalina.core.StandardEngineValve.invoke(StandardEngineValve.java:74)
	at org.apache.catalina.connector.CoyoteAdapter.service(CoyoteAdapter.java:344)
	at org.apache.coyote.http11.Http11Processor.service(Http11Processor.java:398)
	at org.apache.coyote.AbstractProcessorLight.process(AbstractProcessorLight.java:63)
	at org.apache.coyote.AbstractProtocol$ConnectionHandler.process(AbstractProtocol.java:903)
	at org.apache.tomcat.util.net.NioEndpoint$SocketProcessor.doRun(NioEndpoint.java:1740)
	at org.apache.tomcat.util.net.SocketProcessorBase.run(SocketProcessorBase.java:52)
	at org.apache.tomcat.util.threads.ThreadPoolExecutor.runWorker(ThreadPoolExecutor.java:1189)
	at org.apache.tomcat.util.threads.ThreadPoolExecutor$Worker.run(ThreadPoolExecutor.java:658)
	at org.apache.tomcat.util.threads.TaskThread$WrappingRunnable.run(TaskThread.java:63)
	at java.base/java.lang.Thread.run(Thread.java:1474)

=====================================
TIMESTAMP   : 2026-05-06 11:21:05.993
METHOD      : GET
URI         : /api/schedule
CLIENT IP   : 0:0:0:0:0:0:0:1
STATUS      : 500
DURATION    : 369 ms
HEADERS     : {user-agent=Mozilla/5.0 (Windows NT; Windows NT 10.0; en-IN) WindowsPowerShell/5.1.26100.8328, host=localhost:8081, connection=Keep-Alive}
=====================================
[2026-05-06 11:41:00.548] Starting optimal schedule computation...
[2026-05-06 11:41:00.549] Fetching depots from: http://20.207.122.201/evaluation-service/depots
[2026-05-06 11:41:00.916] Successfully fetched 3 depots
[2026-05-06 11:41:00.918] Fetching vehicles from: http://20.207.122.201/evaluation-service/vehicles
[2026-05-06 11:41:01.095] Successfully fetched 32 vehicles
[2026-05-06 11:41:01.096] Computing schedules for 3 depots with 32 vehicles
[2026-05-06 11:41:01.096] Processing Depot ID=1 with capacity=60 hours
[2026-05-06 11:41:01.098] Depot ID=1 => Selected 16 vehicles, Duration=60/60, Impact=125
[2026-05-06 11:41:01.098] Processing Depot ID=2 with capacity=135 hours
[2026-05-06 11:41:01.099] Depot ID=2 => Selected 31 vehicles, Duration=134/135, Impact=173
[2026-05-06 11:41:01.099] Processing Depot ID=3 with capacity=188 hours
[2026-05-06 11:41:01.099] Depot ID=3 => Selected 32 vehicles, Duration=141/188, Impact=174
[2026-05-06 11:41:01.100] Schedule computation completed for all depots

=====================================
TIMESTAMP   : 2026-05-06 11:41:01.137
METHOD      : GET
URI         : /api/schedule
CLIENT IP   : 0:0:0:0:0:0:0:1
STATUS      : 200
DURATION    : 626 ms
HEADERS     : {user-agent=PostmanRuntime/7.53.0, accept=*/*, postman-token=273f8490-14c9-4bae-ac43-8618de8bc994, host=localhost:8081, accept-encoding=gzip, deflate, br, connection=keep-alive}
=====================================

=====================================
TIMESTAMP   : 2026-05-06 11:44:10.462
METHOD      : GET
URI         : /evaluation-service/depot
CLIENT IP   : 0:0:0:0:0:0:0:1
STATUS      : 500
DURATION    : 15 ms
HEADERS     : {user-agent=PostmanRuntime/7.53.0, accept=*/*, postman-token=4e7b8e73-1de9-45da-98c6-d0f278f75c0f, host=localhost:8081, accept-encoding=gzip, deflate, br, connection=keep-alive}
=====================================
[2026-05-06 11:45:03.966] Starting optimal schedule computation...
[2026-05-06 11:45:03.966] Fetching depots from: http://20.207.122.201/evaluation-service/depots
[2026-05-06 11:45:04.344] Successfully fetched 4 depots
[2026-05-06 11:45:04.345] Fetching vehicles from: http://20.207.122.201/evaluation-service/vehicles
[2026-05-06 11:45:04.498] Successfully fetched 34 vehicles
[2026-05-06 11:45:04.498] Computing schedules for 4 depots with 34 vehicles
[2026-05-06 11:45:04.498] Processing Depot ID=2 with capacity=135 hours
[2026-05-06 11:45:04.501] Depot ID=2 => Selected 33 vehicles, Duration=135/135, Impact=182
[2026-05-06 11:45:04.502] Processing Depot ID=3 with capacity=188 hours
[2026-05-06 11:45:04.502] Depot ID=3 => Selected 34 vehicles, Duration=141/188, Impact=183
[2026-05-06 11:45:04.502] Processing Depot ID=4 with capacity=97 hours
[2026-05-06 11:45:04.503] Depot ID=4 => Selected 26 vehicles, Duration=97/97, Impact=166
[2026-05-06 11:45:04.503] Processing Depot ID=5 with capacity=164 hours
[2026-05-06 11:45:04.504] Depot ID=5 => Selected 34 vehicles, Duration=141/164, Impact=183
[2026-05-06 11:45:04.504] Schedule computation completed for all depots

=====================================
TIMESTAMP   : 2026-05-06 11:45:04.582
METHOD      : GET
URI         : /evaluation-service/depots
CLIENT IP   : 0:0:0:0:0:0:0:1
STATUS      : 200
DURATION    : 649 ms
HEADERS     : {user-agent=PostmanRuntime/7.53.0, accept=*/*, postman-token=39e52f73-2fd3-4f4e-9436-47a276b8b75f, host=localhost:8081, accept-encoding=gzip, deflate, br, connection=keep-alive}
=====================================
[2026-05-06 11:47:54.635] Starting optimal schedule computation...
[2026-05-06 11:47:54.635] Fetching depots from: http://20.207.122.201/evaluation-service/depots
[2026-05-06 11:47:54.891] Successfully fetched 3 depots
[2026-05-06 11:47:54.891] Fetching vehicles from: http://20.207.122.201/evaluation-service/vehicles
[2026-05-06 11:47:54.965] Successfully fetched 31 vehicles
[2026-05-06 11:47:54.965] Computing schedules for 3 depots with 31 vehicles
[2026-05-06 11:47:54.965] Processing Depot ID=2 with capacity=135 hours
[2026-05-06 11:47:54.965] Depot ID=2 => Selected 30 vehicles, Duration=132/135, Impact=160
[2026-05-06 11:47:54.965] Processing Depot ID=3 with capacity=188 hours
[2026-05-06 11:47:54.966] Depot ID=3 => Selected 31 vehicles, Duration=140/188, Impact=161
[2026-05-06 11:47:54.966] Processing Depot ID=4 with capacity=97 hours
[2026-05-06 11:47:54.968] Depot ID=4 => Selected 24 vehicles, Duration=97/97, Impact=151
[2026-05-06 11:47:54.968] Schedule computation completed for all depots

=====================================
TIMESTAMP   : 2026-05-06 11:47:54.971
METHOD      : GET
URI         : /evaluation-service/depots
CLIENT IP   : 0:0:0:0:0:0:0:1
STATUS      : 200
DURATION    : 336 ms
HEADERS     : {user-agent=PostmanRuntime/7.53.0, accept=*/*, postman-token=2008e75d-7138-4720-a79c-e5d5d9b6c828, host=localhost:8081, accept-encoding=gzip, deflate, br, connection=keep-alive}
=====================================

=====================================
TIMESTAMP   : 2026-05-06 11:48:31.011
METHOD      : GET
URI         : /evaluation-service/depots
CLIENT IP   : 0:0:0:0:0:0:0:1
STATUS      : 500
DURATION    : 78 ms
HEADERS     : {user-agent=PostmanRuntime/7.53.0, accept=*/*, postman-token=033a01e2-2c3f-40be-a554-0a80b2c92eea, host=localhost:8081, accept-encoding=gzip, deflate, br, connection=keep-alive}
=====================================
[2026-05-06 11:48:40.830] Starting optimal schedule computation...
[2026-05-06 11:48:40.831] Fetching depots from: http://20.207.122.201/evaluation-service/depots
[2026-05-06 11:48:41.209] Successfully fetched 3 depots
[2026-05-06 11:48:41.209] Fetching vehicles from: http://20.207.122.201/evaluation-service/vehicles
[2026-05-06 11:48:41.292] Successfully fetched 36 vehicles
[2026-05-06 11:48:41.292] Computing schedules for 3 depots with 36 vehicles
[2026-05-06 11:48:41.292] Processing Depot ID=3 with capacity=188 hours
[2026-05-06 11:48:41.294] Depot ID=3 => Selected 36 vehicles, Duration=173/188, Impact=199
[2026-05-06 11:48:41.294] Processing Depot ID=4 with capacity=97 hours
[2026-05-06 11:48:41.295] Depot ID=4 => Selected 23 vehicles, Duration=97/97, Impact=158
[2026-05-06 11:48:41.295] Processing Depot ID=5 with capacity=164 hours
[2026-05-06 11:48:41.295] Depot ID=5 => Selected 34 vehicles, Duration=163/164, Impact=197
[2026-05-06 11:48:41.296] Schedule computation completed for all depots

=====================================
TIMESTAMP   : 2026-05-06 11:48:41.313
METHOD      : GET
URI         : /evaluation-service/vehicles
CLIENT IP   : 0:0:0:0:0:0:0:1
STATUS      : 200
DURATION    : 494 ms
HEADERS     : {user-agent=PostmanRuntime/7.53.0, accept=*/*, postman-token=d8fffce4-4b5c-4fe7-bff0-653043e40f4a, host=localhost:8081, accept-encoding=gzip, deflate, br, connection=keep-alive}
=====================================
[2026-05-06 11:54:59.332] Starting optimal schedule computation...
[2026-05-06 11:54:59.332] Fetching depots from: http://20.207.122.201/evaluation-service/depots
[ERROR] [2026-05-06 11:54:59.522] Failed to fetch depots from: http://20.207.122.201/evaluation-service/depots
org.springframework.web.client.HttpClientErrorException$Unauthorized: 401 Unauthorized on GET request for "http://20.207.122.201/evaluation-service/depots": "{"message":"invalid authorization token"}"
	at org.springframework.web.client.HttpClientErrorException.create(HttpClientErrorException.java:106)
	at org.springframework.web.client.DefaultResponseErrorHandler.handleError(DefaultResponseErrorHandler.java:186)
	at org.springframework.web.client.DefaultResponseErrorHandler.handleError(DefaultResponseErrorHandler.java:147)
	at org.springframework.web.client.RestTemplate.handleResponse(RestTemplate.java:953)
	at org.springframework.web.client.RestTemplate.doExecute(RestTemplate.java:902)
	at org.springframework.web.client.RestTemplate.execute(RestTemplate.java:801)
	at org.springframework.web.client.RestTemplate.getForObject(RestTemplate.java:415)
	at com.affordmed.scheduler.service.DepotService.fetchDepots(DepotService.java:41)
	at com.affordmed.scheduler.service.SchedulingService.computeOptimalSchedules(SchedulingService.java:45)
	at com.affordmed.scheduler.controller.ScheduleController.getOptimalSchedule(ScheduleController.java:35)
	at java.base/jdk.internal.reflect.DirectMethodHandleAccessor.invoke(DirectMethodHandleAccessor.java:104)
	at java.base/java.lang.reflect.Method.invoke(Method.java:565)
	at org.springframework.web.method.support.InvocableHandlerMethod.doInvoke(InvocableHandlerMethod.java:258)
	at org.springframework.web.method.support.InvocableHandlerMethod.invokeForRequest(InvocableHandlerMethod.java:191)
	at org.springframework.web.servlet.mvc.method.annotation.ServletInvocableHandlerMethod.invokeAndHandle(ServletInvocableHandlerMethod.java:118)
	at org.springframework.web.servlet.mvc.method.annotation.RequestMappingHandlerAdapter.invokeHandlerMethod(RequestMappingHandlerAdapter.java:986)
	at org.springframework.web.servlet.mvc.method.annotation.RequestMappingHandlerAdapter.handleInternal(RequestMappingHandlerAdapter.java:891)
	at org.springframework.web.servlet.mvc.method.AbstractHandlerMethodAdapter.handle(AbstractHandlerMethodAdapter.java:87)
	at org.springframework.web.servlet.DispatcherServlet.doDispatch(DispatcherServlet.java:1089)
	at org.springframework.web.servlet.DispatcherServlet.doService(DispatcherServlet.java:979)
	at org.springframework.web.servlet.FrameworkServlet.processRequest(FrameworkServlet.java:1014)
	at org.springframework.web.servlet.FrameworkServlet.doGet(FrameworkServlet.java:903)
	at jakarta.servlet.http.HttpServlet.service(HttpServlet.java:564)
	at org.springframework.web.servlet.FrameworkServlet.service(FrameworkServlet.java:885)
	at jakarta.servlet.http.HttpServlet.service(HttpServlet.java:658)
	at org.apache.catalina.core.ApplicationFilterChain.internalDoFilter(ApplicationFilterChain.java:195)
	at org.apache.catalina.core.ApplicationFilterChain.doFilter(ApplicationFilterChain.java:140)
	at org.apache.tomcat.websocket.server.WsFilter.doFilter(WsFilter.java:51)
	at org.apache.catalina.core.ApplicationFilterChain.internalDoFilter(ApplicationFilterChain.java:164)
	at org.apache.catalina.core.ApplicationFilterChain.doFilter(ApplicationFilterChain.java:140)
	at com.affordmed.scheduler.middleware.LoggingMiddleware$LoggingFilter.doFilterInternal(LoggingMiddleware.java:124)
	at org.springframework.web.filter.OncePerRequestFilter.doFilter(OncePerRequestFilter.java:116)
	at org.apache.catalina.core.ApplicationFilterChain.internalDoFilter(ApplicationFilterChain.java:164)
	at org.apache.catalina.core.ApplicationFilterChain.doFilter(ApplicationFilterChain.java:140)
	at org.springframework.web.filter.RequestContextFilter.doFilterInternal(RequestContextFilter.java:100)
	at org.springframework.web.filter.OncePerRequestFilter.doFilter(OncePerRequestFilter.java:116)
	at org.apache.catalina.core.ApplicationFilterChain.internalDoFilter(ApplicationFilterChain.java:164)
	at org.apache.catalina.core.ApplicationFilterChain.doFilter(ApplicationFilterChain.java:140)
	at org.springframework.web.filter.FormContentFilter.doFilterInternal(FormContentFilter.java:93)
	at org.springframework.web.filter.OncePerRequestFilter.doFilter(OncePerRequestFilter.java:116)
	at org.apache.catalina.core.ApplicationFilterChain.internalDoFilter(ApplicationFilterChain.java:164)
	at org.apache.catalina.core.ApplicationFilterChain.doFilter(ApplicationFilterChain.java:140)
	at org.springframework.web.filter.CharacterEncodingFilter.doFilterInternal(CharacterEncodingFilter.java:201)
	at org.springframework.web.filter.OncePerRequestFilter.doFilter(OncePerRequestFilter.java:116)
	at org.apache.catalina.core.ApplicationFilterChain.internalDoFilter(ApplicationFilterChain.java:164)
	at org.apache.catalina.core.ApplicationFilterChain.doFilter(ApplicationFilterChain.java:140)
	at org.apache.catalina.core.StandardWrapperValve.invoke(StandardWrapperValve.java:167)
	at org.apache.catalina.core.StandardContextValve.invoke(StandardContextValve.java:90)
	at org.apache.catalina.authenticator.AuthenticatorBase.invoke(AuthenticatorBase.java:483)
	at org.apache.catalina.core.StandardHostValve.invoke(StandardHostValve.java:116)
	at org.apache.catalina.valves.ErrorReportValve.invoke(ErrorReportValve.java:93)
	at org.apache.catalina.core.StandardEngineValve.invoke(StandardEngineValve.java:74)
	at org.apache.catalina.connector.CoyoteAdapter.service(CoyoteAdapter.java:344)
	at org.apache.coyote.http11.Http11Processor.service(Http11Processor.java:398)
	at org.apache.coyote.AbstractProcessorLight.process(AbstractProcessorLight.java:63)
	at org.apache.coyote.AbstractProtocol$ConnectionHandler.process(AbstractProtocol.java:903)
	at org.apache.tomcat.util.net.NioEndpoint$SocketProcessor.doRun(NioEndpoint.java:1740)
	at org.apache.tomcat.util.net.SocketProcessorBase.run(SocketProcessorBase.java:52)
	at org.apache.tomcat.util.threads.ThreadPoolExecutor.runWorker(ThreadPoolExecutor.java:1189)
	at org.apache.tomcat.util.threads.ThreadPoolExecutor$Worker.run(ThreadPoolExecutor.java:658)
	at org.apache.tomcat.util.threads.TaskThread$WrappingRunnable.run(TaskThread.java:63)
	at java.base/java.lang.Thread.run(Thread.java:1474)

=====================================
TIMESTAMP   : 2026-05-06 11:54:59.527
METHOD      : GET
URI         : /evaluation-service/vehicles
CLIENT IP   : 0:0:0:0:0:0:0:1
STATUS      : 500
DURATION    : 195 ms
HEADERS     : {user-agent=PostmanRuntime/7.53.0, accept=*/*, postman-token=cbb7c25b-b4eb-4661-8e2a-2c256c8f766c, host=localhost:8081, accept-encoding=gzip, deflate, br, connection=keep-alive}
=====================================
[2026-05-06 11:56:21.225] Starting optimal schedule computation...
[2026-05-06 11:56:21.226] Fetching depots from: http://20.207.122.201/evaluation-service/depots
[2026-05-06 11:56:21.638] Successfully fetched 5 depots
[2026-05-06 11:56:21.638] Fetching vehicles from: http://20.207.122.201/evaluation-service/vehicles
[2026-05-06 11:56:21.784] Successfully fetched 33 vehicles
[2026-05-06 11:56:21.784] Computing schedules for 5 depots with 33 vehicles
[2026-05-06 11:56:21.784] Processing Depot ID=1 with capacity=60 hours
[2026-05-06 11:56:21.788] Depot ID=1 => Selected 17 vehicles, Duration=60/60, Impact=128
[2026-05-06 11:56:21.788] Processing Depot ID=2 with capacity=135 hours
[2026-05-06 11:56:21.788] Depot ID=2 => Selected 30 vehicles, Duration=133/135, Impact=172
[2026-05-06 11:56:21.788] Processing Depot ID=3 with capacity=188 hours
[2026-05-06 11:56:21.789] Depot ID=3 => Selected 33 vehicles, Duration=156/188, Impact=176
[2026-05-06 11:56:21.789] Processing Depot ID=4 with capacity=97 hours
[2026-05-06 11:56:21.789] Depot ID=4 => Selected 25 vehicles, Duration=97/97, Impact=158
[2026-05-06 11:56:21.789] Processing Depot ID=5 with capacity=164 hours
[2026-05-06 11:56:21.791] Depot ID=5 => Selected 33 vehicles, Duration=156/164, Impact=176
[2026-05-06 11:56:21.791] Schedule computation completed for all depots

=====================================
TIMESTAMP   : 2026-05-06 11:56:21.840
METHOD      : GET
URI         : /evaluation-service/vehicles
CLIENT IP   : 0:0:0:0:0:0:0:1
STATUS      : 200
DURATION    : 644 ms
HEADERS     : {user-agent=PostmanRuntime/7.53.0, accept=*/*, postman-token=04a08968-6b5c-4c80-921b-d83286ea6835, host=localhost:8081, accept-encoding=gzip, deflate, br, connection=keep-alive}
=====================================

=====================================
TIMESTAMP   : 2026-05-06 12:36:00.837
METHOD      : GET
URI         : /api/schedule
CLIENT IP   : 0:0:0:0:0:0:0:1
STATUS      : 500
DURATION    : 33 ms
HEADERS     : {authorization=[MASKED], user-agent=PostmanRuntime/7.53.0, accept=*/*, postman-token=d85d4a25-7016-4056-9cd8-164d16b6326c, host=localhost:8081, accept-encoding=gzip, deflate, br, connection=keep-alive}
=====================================
[2026-05-06 12:38:31.072] Starting optimal schedule computation...
[2026-05-06 12:38:31.073] Fetching depots from: http://20.207.122.201/evaluation-service/depots
[ERROR] [2026-05-06 12:38:31.459] Failed to fetch depots from: http://20.207.122.201/evaluation-service/depots
org.springframework.web.client.HttpClientErrorException$Unauthorized: 401 Unauthorized on GET request for "http://20.207.122.201/evaluation-service/depots": "{"message":"invalid authorization token"}"
	at org.springframework.web.client.HttpClientErrorException.create(HttpClientErrorException.java:106)
	at org.springframework.web.client.DefaultResponseErrorHandler.handleError(DefaultResponseErrorHandler.java:186)
	at org.springframework.web.client.DefaultResponseErrorHandler.handleError(DefaultResponseErrorHandler.java:147)
	at org.springframework.web.client.RestTemplate.handleResponse(RestTemplate.java:953)
	at org.springframework.web.client.RestTemplate.doExecute(RestTemplate.java:902)
	at org.springframework.web.client.RestTemplate.execute(RestTemplate.java:801)
	at org.springframework.web.client.RestTemplate.getForObject(RestTemplate.java:415)
	at com.affordmed.scheduler.service.DepotService.fetchDepots(DepotService.java:41)
	at com.affordmed.scheduler.service.SchedulingService.computeOptimalSchedules(SchedulingService.java:45)
	at com.affordmed.scheduler.controller.ScheduleController.getOptimalSchedule(ScheduleController.java:35)
	at java.base/jdk.internal.reflect.DirectMethodHandleAccessor.invoke(DirectMethodHandleAccessor.java:104)
	at java.base/java.lang.reflect.Method.invoke(Method.java:565)
	at org.springframework.web.method.support.InvocableHandlerMethod.doInvoke(InvocableHandlerMethod.java:258)
	at org.springframework.web.method.support.InvocableHandlerMethod.invokeForRequest(InvocableHandlerMethod.java:191)
	at org.springframework.web.servlet.mvc.method.annotation.ServletInvocableHandlerMethod.invokeAndHandle(ServletInvocableHandlerMethod.java:118)
	at org.springframework.web.servlet.mvc.method.annotation.RequestMappingHandlerAdapter.invokeHandlerMethod(RequestMappingHandlerAdapter.java:986)
	at org.springframework.web.servlet.mvc.method.annotation.RequestMappingHandlerAdapter.handleInternal(RequestMappingHandlerAdapter.java:891)
	at org.springframework.web.servlet.mvc.method.AbstractHandlerMethodAdapter.handle(AbstractHandlerMethodAdapter.java:87)
	at org.springframework.web.servlet.DispatcherServlet.doDispatch(DispatcherServlet.java:1089)
	at org.springframework.web.servlet.DispatcherServlet.doService(DispatcherServlet.java:979)
	at org.springframework.web.servlet.FrameworkServlet.processRequest(FrameworkServlet.java:1014)
	at org.springframework.web.servlet.FrameworkServlet.doGet(FrameworkServlet.java:903)
	at jakarta.servlet.http.HttpServlet.service(HttpServlet.java:564)
	at org.springframework.web.servlet.FrameworkServlet.service(FrameworkServlet.java:885)
	at jakarta.servlet.http.HttpServlet.service(HttpServlet.java:658)
	at org.apache.catalina.core.ApplicationFilterChain.internalDoFilter(ApplicationFilterChain.java:195)
	at org.apache.catalina.core.ApplicationFilterChain.doFilter(ApplicationFilterChain.java:140)
	at org.apache.tomcat.websocket.server.WsFilter.doFilter(WsFilter.java:51)
	at org.apache.catalina.core.ApplicationFilterChain.internalDoFilter(ApplicationFilterChain.java:164)
	at org.apache.catalina.core.ApplicationFilterChain.doFilter(ApplicationFilterChain.java:140)
	at com.affordmed.scheduler.middleware.LoggingMiddleware$LoggingFilter.doFilterInternal(LoggingMiddleware.java:124)
	at org.springframework.web.filter.OncePerRequestFilter.doFilter(OncePerRequestFilter.java:116)
	at org.apache.catalina.core.ApplicationFilterChain.internalDoFilter(ApplicationFilterChain.java:164)
	at org.apache.catalina.core.ApplicationFilterChain.doFilter(ApplicationFilterChain.java:140)
	at org.springframework.web.filter.RequestContextFilter.doFilterInternal(RequestContextFilter.java:100)
	at org.springframework.web.filter.OncePerRequestFilter.doFilter(OncePerRequestFilter.java:116)
	at org.apache.catalina.core.ApplicationFilterChain.internalDoFilter(ApplicationFilterChain.java:164)
	at org.apache.catalina.core.ApplicationFilterChain.doFilter(ApplicationFilterChain.java:140)
	at org.springframework.web.filter.FormContentFilter.doFilterInternal(FormContentFilter.java:93)
	at org.springframework.web.filter.OncePerRequestFilter.doFilter(OncePerRequestFilter.java:116)
	at org.apache.catalina.core.ApplicationFilterChain.internalDoFilter(ApplicationFilterChain.java:164)
	at org.apache.catalina.core.ApplicationFilterChain.doFilter(ApplicationFilterChain.java:140)
	at org.springframework.web.filter.CharacterEncodingFilter.doFilterInternal(CharacterEncodingFilter.java:201)
	at org.springframework.web.filter.OncePerRequestFilter.doFilter(OncePerRequestFilter.java:116)
	at org.apache.catalina.core.ApplicationFilterChain.internalDoFilter(ApplicationFilterChain.java:164)
	at org.apache.catalina.core.ApplicationFilterChain.doFilter(ApplicationFilterChain.java:140)
	at org.apache.catalina.core.StandardWrapperValve.invoke(StandardWrapperValve.java:167)
	at org.apache.catalina.core.StandardContextValve.invoke(StandardContextValve.java:90)
	at org.apache.catalina.authenticator.AuthenticatorBase.invoke(AuthenticatorBase.java:483)
	at org.apache.catalina.core.StandardHostValve.invoke(StandardHostValve.java:116)
	at org.apache.catalina.valves.ErrorReportValve.invoke(ErrorReportValve.java:93)
	at org.apache.catalina.core.StandardEngineValve.invoke(StandardEngineValve.java:74)
	at org.apache.catalina.connector.CoyoteAdapter.service(CoyoteAdapter.java:344)
	at org.apache.coyote.http11.Http11Processor.service(Http11Processor.java:398)
	at org.apache.coyote.AbstractProcessorLight.process(AbstractProcessorLight.java:63)
	at org.apache.coyote.AbstractProtocol$ConnectionHandler.process(AbstractProtocol.java:903)
	at org.apache.tomcat.util.net.NioEndpoint$SocketProcessor.doRun(NioEndpoint.java:1740)
	at org.apache.tomcat.util.net.SocketProcessorBase.run(SocketProcessorBase.java:52)
	at org.apache.tomcat.util.threads.ThreadPoolExecutor.runWorker(ThreadPoolExecutor.java:1189)
	at org.apache.tomcat.util.threads.ThreadPoolExecutor$Worker.run(ThreadPoolExecutor.java:658)
	at org.apache.tomcat.util.threads.TaskThread$WrappingRunnable.run(TaskThread.java:63)
	at java.base/java.lang.Thread.run(Thread.java:1474)

=====================================
TIMESTAMP   : 2026-05-06 12:38:31.503
METHOD      : GET
URI         : /api/schedule
CLIENT IP   : 0:0:0:0:0:0:0:1
STATUS      : 500
DURATION    : 469 ms
HEADERS     : {authorization=[MASKED], user-agent=PostmanRuntime/7.53.0, accept=*/*, postman-token=5cb7555d-829c-4e8e-9930-7af38401d4d8, host=localhost:8081, accept-encoding=gzip, deflate, br, connection=keep-alive}
=====================================
[2026-05-06 12:38:48.931] Starting optimal schedule computation...
[2026-05-06 12:38:48.931] Fetching depots from: http://20.207.122.201/evaluation-service/depots
[ERROR] [2026-05-06 12:38:49.148] Failed to fetch depots from: http://20.207.122.201/evaluation-service/depots
org.springframework.web.client.HttpClientErrorException$Unauthorized: 401 Unauthorized on GET request for "http://20.207.122.201/evaluation-service/depots": "{"message":"invalid authorization token"}"
	at org.springframework.web.client.HttpClientErrorException.create(HttpClientErrorException.java:106)
	at org.springframework.web.client.DefaultResponseErrorHandler.handleError(DefaultResponseErrorHandler.java:186)
	at org.springframework.web.client.DefaultResponseErrorHandler.handleError(DefaultResponseErrorHandler.java:147)
	at org.springframework.web.client.RestTemplate.handleResponse(RestTemplate.java:953)
	at org.springframework.web.client.RestTemplate.doExecute(RestTemplate.java:902)
	at org.springframework.web.client.RestTemplate.execute(RestTemplate.java:801)
	at org.springframework.web.client.RestTemplate.getForObject(RestTemplate.java:415)
	at com.affordmed.scheduler.service.DepotService.fetchDepots(DepotService.java:41)
	at com.affordmed.scheduler.service.SchedulingService.computeOptimalSchedules(SchedulingService.java:45)
	at com.affordmed.scheduler.controller.ScheduleController.getOptimalSchedule(ScheduleController.java:35)
	at java.base/jdk.internal.reflect.DirectMethodHandleAccessor.invoke(DirectMethodHandleAccessor.java:104)
	at java.base/java.lang.reflect.Method.invoke(Method.java:565)
	at org.springframework.web.method.support.InvocableHandlerMethod.doInvoke(InvocableHandlerMethod.java:258)
	at org.springframework.web.method.support.InvocableHandlerMethod.invokeForRequest(InvocableHandlerMethod.java:191)
	at org.springframework.web.servlet.mvc.method.annotation.ServletInvocableHandlerMethod.invokeAndHandle(ServletInvocableHandlerMethod.java:118)
	at org.springframework.web.servlet.mvc.method.annotation.RequestMappingHandlerAdapter.invokeHandlerMethod(RequestMappingHandlerAdapter.java:986)
	at org.springframework.web.servlet.mvc.method.annotation.RequestMappingHandlerAdapter.handleInternal(RequestMappingHandlerAdapter.java:891)
	at org.springframework.web.servlet.mvc.method.AbstractHandlerMethodAdapter.handle(AbstractHandlerMethodAdapter.java:87)
	at org.springframework.web.servlet.DispatcherServlet.doDispatch(DispatcherServlet.java:1089)
	at org.springframework.web.servlet.DispatcherServlet.doService(DispatcherServlet.java:979)
	at org.springframework.web.servlet.FrameworkServlet.processRequest(FrameworkServlet.java:1014)
	at org.springframework.web.servlet.FrameworkServlet.doGet(FrameworkServlet.java:903)
	at jakarta.servlet.http.HttpServlet.service(HttpServlet.java:564)
	at org.springframework.web.servlet.FrameworkServlet.service(FrameworkServlet.java:885)
	at jakarta.servlet.http.HttpServlet.service(HttpServlet.java:658)
	at org.apache.catalina.core.ApplicationFilterChain.internalDoFilter(ApplicationFilterChain.java:195)
	at org.apache.catalina.core.ApplicationFilterChain.doFilter(ApplicationFilterChain.java:140)
	at org.apache.tomcat.websocket.server.WsFilter.doFilter(WsFilter.java:51)
	at org.apache.catalina.core.ApplicationFilterChain.internalDoFilter(ApplicationFilterChain.java:164)
	at org.apache.catalina.core.ApplicationFilterChain.doFilter(ApplicationFilterChain.java:140)
	at com.affordmed.scheduler.middleware.LoggingMiddleware$LoggingFilter.doFilterInternal(LoggingMiddleware.java:124)
	at org.springframework.web.filter.OncePerRequestFilter.doFilter(OncePerRequestFilter.java:116)
	at org.apache.catalina.core.ApplicationFilterChain.internalDoFilter(ApplicationFilterChain.java:164)
	at org.apache.catalina.core.ApplicationFilterChain.doFilter(ApplicationFilterChain.java:140)
	at org.springframework.web.filter.RequestContextFilter.doFilterInternal(RequestContextFilter.java:100)
	at org.springframework.web.filter.OncePerRequestFilter.doFilter(OncePerRequestFilter.java:116)
	at org.apache.catalina.core.ApplicationFilterChain.internalDoFilter(ApplicationFilterChain.java:164)
	at org.apache.catalina.core.ApplicationFilterChain.doFilter(ApplicationFilterChain.java:140)
	at org.springframework.web.filter.FormContentFilter.doFilterInternal(FormContentFilter.java:93)
	at org.springframework.web.filter.OncePerRequestFilter.doFilter(OncePerRequestFilter.java:116)
	at org.apache.catalina.core.ApplicationFilterChain.internalDoFilter(ApplicationFilterChain.java:164)
	at org.apache.catalina.core.ApplicationFilterChain.doFilter(ApplicationFilterChain.java:140)
	at org.springframework.web.filter.CharacterEncodingFilter.doFilterInternal(CharacterEncodingFilter.java:201)
	at org.springframework.web.filter.OncePerRequestFilter.doFilter(OncePerRequestFilter.java:116)
	at org.apache.catalina.core.ApplicationFilterChain.internalDoFilter(ApplicationFilterChain.java:164)
	at org.apache.catalina.core.ApplicationFilterChain.doFilter(ApplicationFilterChain.java:140)
	at org.apache.catalina.core.StandardWrapperValve.invoke(StandardWrapperValve.java:167)
	at org.apache.catalina.core.StandardContextValve.invoke(StandardContextValve.java:90)
	at org.apache.catalina.authenticator.AuthenticatorBase.invoke(AuthenticatorBase.java:483)
	at org.apache.catalina.core.StandardHostValve.invoke(StandardHostValve.java:116)
	at org.apache.catalina.valves.ErrorReportValve.invoke(ErrorReportValve.java:93)
	at org.apache.catalina.core.StandardEngineValve.invoke(StandardEngineValve.java:74)
	at org.apache.catalina.connector.CoyoteAdapter.service(CoyoteAdapter.java:344)
	at org.apache.coyote.http11.Http11Processor.service(Http11Processor.java:398)
	at org.apache.coyote.AbstractProcessorLight.process(AbstractProcessorLight.java:63)
	at org.apache.coyote.AbstractProtocol$ConnectionHandler.process(AbstractProtocol.java:903)
	at org.apache.tomcat.util.net.NioEndpoint$SocketProcessor.doRun(NioEndpoint.java:1740)
	at org.apache.tomcat.util.net.SocketProcessorBase.run(SocketProcessorBase.java:52)
	at org.apache.tomcat.util.threads.ThreadPoolExecutor.runWorker(ThreadPoolExecutor.java:1189)
	at org.apache.tomcat.util.threads.ThreadPoolExecutor$Worker.run(ThreadPoolExecutor.java:658)
	at org.apache.tomcat.util.threads.TaskThread$WrappingRunnable.run(TaskThread.java:63)
	at java.base/java.lang.Thread.run(Thread.java:1474)

=====================================
TIMESTAMP   : 2026-05-06 12:38:49.152
METHOD      : GET
URI         : /api/schedule
CLIENT IP   : 0:0:0:0:0:0:0:1
STATUS      : 500
DURATION    : 222 ms
HEADERS     : {authorization=[MASKED], user-agent=PostmanRuntime/7.53.0, accept=*/*, postman-token=bdf04fda-5092-49cb-9127-5ba2ba12d49d, host=localhost:8081, accept-encoding=gzip, deflate, br, connection=keep-alive}
=====================================
[2026-05-06 12:39:24.598] Starting optimal schedule computation...
[2026-05-06 12:39:24.600] Fetching depots from: http://20.207.122.201/evaluation-service/depots
[ERROR] [2026-05-06 12:39:24.999] Failed to fetch depots from: http://20.207.122.201/evaluation-service/depots
org.springframework.web.client.HttpClientErrorException$Unauthorized: 401 Unauthorized on GET request for "http://20.207.122.201/evaluation-service/depots": "{"message":"invalid authorization token"}"
	at org.springframework.web.client.HttpClientErrorException.create(HttpClientErrorException.java:106)
	at org.springframework.web.client.DefaultResponseErrorHandler.handleError(DefaultResponseErrorHandler.java:186)
	at org.springframework.web.client.DefaultResponseErrorHandler.handleError(DefaultResponseErrorHandler.java:147)
	at org.springframework.web.client.RestTemplate.handleResponse(RestTemplate.java:953)
	at org.springframework.web.client.RestTemplate.doExecute(RestTemplate.java:902)
	at org.springframework.web.client.RestTemplate.execute(RestTemplate.java:801)
	at org.springframework.web.client.RestTemplate.getForObject(RestTemplate.java:415)
	at com.affordmed.scheduler.service.DepotService.fetchDepots(DepotService.java:41)
	at com.affordmed.scheduler.service.SchedulingService.computeOptimalSchedules(SchedulingService.java:45)
	at com.affordmed.scheduler.controller.ScheduleController.getOptimalSchedule(ScheduleController.java:35)
	at java.base/jdk.internal.reflect.DirectMethodHandleAccessor.invoke(DirectMethodHandleAccessor.java:104)
	at java.base/java.lang.reflect.Method.invoke(Method.java:565)
	at org.springframework.web.method.support.InvocableHandlerMethod.doInvoke(InvocableHandlerMethod.java:258)
	at org.springframework.web.method.support.InvocableHandlerMethod.invokeForRequest(InvocableHandlerMethod.java:191)
	at org.springframework.web.servlet.mvc.method.annotation.ServletInvocableHandlerMethod.invokeAndHandle(ServletInvocableHandlerMethod.java:118)
	at org.springframework.web.servlet.mvc.method.annotation.RequestMappingHandlerAdapter.invokeHandlerMethod(RequestMappingHandlerAdapter.java:986)
	at org.springframework.web.servlet.mvc.method.annotation.RequestMappingHandlerAdapter.handleInternal(RequestMappingHandlerAdapter.java:891)
	at org.springframework.web.servlet.mvc.method.AbstractHandlerMethodAdapter.handle(AbstractHandlerMethodAdapter.java:87)
	at org.springframework.web.servlet.DispatcherServlet.doDispatch(DispatcherServlet.java:1089)
	at org.springframework.web.servlet.DispatcherServlet.doService(DispatcherServlet.java:979)
	at org.springframework.web.servlet.FrameworkServlet.processRequest(FrameworkServlet.java:1014)
	at org.springframework.web.servlet.FrameworkServlet.doGet(FrameworkServlet.java:903)
	at jakarta.servlet.http.HttpServlet.service(HttpServlet.java:564)
	at org.springframework.web.servlet.FrameworkServlet.service(FrameworkServlet.java:885)
	at jakarta.servlet.http.HttpServlet.service(HttpServlet.java:658)
	at org.apache.catalina.core.ApplicationFilterChain.internalDoFilter(ApplicationFilterChain.java:195)
	at org.apache.catalina.core.ApplicationFilterChain.doFilter(ApplicationFilterChain.java:140)
	at org.apache.tomcat.websocket.server.WsFilter.doFilter(WsFilter.java:51)
	at org.apache.catalina.core.ApplicationFilterChain.internalDoFilter(ApplicationFilterChain.java:164)
	at org.apache.catalina.core.ApplicationFilterChain.doFilter(ApplicationFilterChain.java:140)
	at com.affordmed.scheduler.middleware.LoggingMiddleware$LoggingFilter.doFilterInternal(LoggingMiddleware.java:124)
	at org.springframework.web.filter.OncePerRequestFilter.doFilter(OncePerRequestFilter.java:116)
	at org.apache.catalina.core.ApplicationFilterChain.internalDoFilter(ApplicationFilterChain.java:164)
	at org.apache.catalina.core.ApplicationFilterChain.doFilter(ApplicationFilterChain.java:140)
	at org.springframework.web.filter.RequestContextFilter.doFilterInternal(RequestContextFilter.java:100)
	at org.springframework.web.filter.OncePerRequestFilter.doFilter(OncePerRequestFilter.java:116)
	at org.apache.catalina.core.ApplicationFilterChain.internalDoFilter(ApplicationFilterChain.java:164)
	at org.apache.catalina.core.ApplicationFilterChain.doFilter(ApplicationFilterChain.java:140)
	at org.springframework.web.filter.FormContentFilter.doFilterInternal(FormContentFilter.java:93)
	at org.springframework.web.filter.OncePerRequestFilter.doFilter(OncePerRequestFilter.java:116)
	at org.apache.catalina.core.ApplicationFilterChain.internalDoFilter(ApplicationFilterChain.java:164)
	at org.apache.catalina.core.ApplicationFilterChain.doFilter(ApplicationFilterChain.java:140)
	at org.springframework.web.filter.CharacterEncodingFilter.doFilterInternal(CharacterEncodingFilter.java:201)
	at org.springframework.web.filter.OncePerRequestFilter.doFilter(OncePerRequestFilter.java:116)
	at org.apache.catalina.core.ApplicationFilterChain.internalDoFilter(ApplicationFilterChain.java:164)
	at org.apache.catalina.core.ApplicationFilterChain.doFilter(ApplicationFilterChain.java:140)
	at org.apache.catalina.core.StandardWrapperValve.invoke(StandardWrapperValve.java:167)
	at org.apache.catalina.core.StandardContextValve.invoke(StandardContextValve.java:90)
	at org.apache.catalina.authenticator.AuthenticatorBase.invoke(AuthenticatorBase.java:483)
	at org.apache.catalina.core.StandardHostValve.invoke(StandardHostValve.java:116)
	at org.apache.catalina.valves.ErrorReportValve.invoke(ErrorReportValve.java:93)
	at org.apache.catalina.core.StandardEngineValve.invoke(StandardEngineValve.java:74)
	at org.apache.catalina.connector.CoyoteAdapter.service(CoyoteAdapter.java:344)
	at org.apache.coyote.http11.Http11Processor.service(Http11Processor.java:398)
	at org.apache.coyote.AbstractProcessorLight.process(AbstractProcessorLight.java:63)
	at org.apache.coyote.AbstractProtocol$ConnectionHandler.process(AbstractProtocol.java:903)
	at org.apache.tomcat.util.net.NioEndpoint$SocketProcessor.doRun(NioEndpoint.java:1740)
	at org.apache.tomcat.util.net.SocketProcessorBase.run(SocketProcessorBase.java:52)
	at org.apache.tomcat.util.threads.ThreadPoolExecutor.runWorker(ThreadPoolExecutor.java:1189)
	at org.apache.tomcat.util.threads.ThreadPoolExecutor$Worker.run(ThreadPoolExecutor.java:658)
	at org.apache.tomcat.util.threads.TaskThread$WrappingRunnable.run(TaskThread.java:63)
	at java.base/java.lang.Thread.run(Thread.java:1474)

=====================================
TIMESTAMP   : 2026-05-06 12:39:25.039
METHOD      : GET
URI         : /api/schedule
CLIENT IP   : 0:0:0:0:0:0:0:1
STATUS      : 500
DURATION    : 473 ms
HEADERS     : {authorization=[MASKED], user-agent=PostmanRuntime/7.53.0, accept=*/*, postman-token=77589b09-50b9-44eb-a179-d7d4a2b1cf76, host=localhost:8081, accept-encoding=gzip, deflate, br, connection=keep-alive}
=====================================
[2026-05-06 12:39:34.078] Starting optimal schedule computation...
[2026-05-06 12:39:34.078] Fetching depots from: http://20.207.122.201/evaluation-service/depots
[ERROR] [2026-05-06 12:39:34.916] Failed to fetch depots from: http://20.207.122.201/evaluation-service/depots
org.springframework.web.client.HttpClientErrorException$Unauthorized: 401 Unauthorized on GET request for "http://20.207.122.201/evaluation-service/depots": "{"message":"invalid authorization token"}"
	at org.springframework.web.client.HttpClientErrorException.create(HttpClientErrorException.java:106)
	at org.springframework.web.client.DefaultResponseErrorHandler.handleError(DefaultResponseErrorHandler.java:186)
	at org.springframework.web.client.DefaultResponseErrorHandler.handleError(DefaultResponseErrorHandler.java:147)
	at org.springframework.web.client.RestTemplate.handleResponse(RestTemplate.java:953)
	at org.springframework.web.client.RestTemplate.doExecute(RestTemplate.java:902)
	at org.springframework.web.client.RestTemplate.execute(RestTemplate.java:801)
	at org.springframework.web.client.RestTemplate.getForObject(RestTemplate.java:415)
	at com.affordmed.scheduler.service.DepotService.fetchDepots(DepotService.java:41)
	at com.affordmed.scheduler.service.SchedulingService.computeOptimalSchedules(SchedulingService.java:45)
	at com.affordmed.scheduler.controller.ScheduleController.getOptimalSchedule(ScheduleController.java:35)
	at java.base/jdk.internal.reflect.DirectMethodHandleAccessor.invoke(DirectMethodHandleAccessor.java:104)
	at java.base/java.lang.reflect.Method.invoke(Method.java:565)
	at org.springframework.web.method.support.InvocableHandlerMethod.doInvoke(InvocableHandlerMethod.java:258)
	at org.springframework.web.method.support.InvocableHandlerMethod.invokeForRequest(InvocableHandlerMethod.java:191)
	at org.springframework.web.servlet.mvc.method.annotation.ServletInvocableHandlerMethod.invokeAndHandle(ServletInvocableHandlerMethod.java:118)
	at org.springframework.web.servlet.mvc.method.annotation.RequestMappingHandlerAdapter.invokeHandlerMethod(RequestMappingHandlerAdapter.java:986)
	at org.springframework.web.servlet.mvc.method.annotation.RequestMappingHandlerAdapter.handleInternal(RequestMappingHandlerAdapter.java:891)
	at org.springframework.web.servlet.mvc.method.AbstractHandlerMethodAdapter.handle(AbstractHandlerMethodAdapter.java:87)
	at org.springframework.web.servlet.DispatcherServlet.doDispatch(DispatcherServlet.java:1089)
	at org.springframework.web.servlet.DispatcherServlet.doService(DispatcherServlet.java:979)
	at org.springframework.web.servlet.FrameworkServlet.processRequest(FrameworkServlet.java:1014)
	at org.springframework.web.servlet.FrameworkServlet.doGet(FrameworkServlet.java:903)
	at jakarta.servlet.http.HttpServlet.service(HttpServlet.java:564)
	at org.springframework.web.servlet.FrameworkServlet.service(FrameworkServlet.java:885)
	at jakarta.servlet.http.HttpServlet.service(HttpServlet.java:658)
	at org.apache.catalina.core.ApplicationFilterChain.internalDoFilter(ApplicationFilterChain.java:195)
	at org.apache.catalina.core.ApplicationFilterChain.doFilter(ApplicationFilterChain.java:140)
	at org.apache.tomcat.websocket.server.WsFilter.doFilter(WsFilter.java:51)
	at org.apache.catalina.core.ApplicationFilterChain.internalDoFilter(ApplicationFilterChain.java:164)
	at org.apache.catalina.core.ApplicationFilterChain.doFilter(ApplicationFilterChain.java:140)
	at com.affordmed.scheduler.middleware.LoggingMiddleware$LoggingFilter.doFilterInternal(LoggingMiddleware.java:124)
	at org.springframework.web.filter.OncePerRequestFilter.doFilter(OncePerRequestFilter.java:116)
	at org.apache.catalina.core.ApplicationFilterChain.internalDoFilter(ApplicationFilterChain.java:164)
	at org.apache.catalina.core.ApplicationFilterChain.doFilter(ApplicationFilterChain.java:140)
	at org.springframework.web.filter.RequestContextFilter.doFilterInternal(RequestContextFilter.java:100)
	at org.springframework.web.filter.OncePerRequestFilter.doFilter(OncePerRequestFilter.java:116)
	at org.apache.catalina.core.ApplicationFilterChain.internalDoFilter(ApplicationFilterChain.java:164)
	at org.apache.catalina.core.ApplicationFilterChain.doFilter(ApplicationFilterChain.java:140)
	at org.springframework.web.filter.FormContentFilter.doFilterInternal(FormContentFilter.java:93)
	at org.springframework.web.filter.OncePerRequestFilter.doFilter(OncePerRequestFilter.java:116)
	at org.apache.catalina.core.ApplicationFilterChain.internalDoFilter(ApplicationFilterChain.java:164)
	at org.apache.catalina.core.ApplicationFilterChain.doFilter(ApplicationFilterChain.java:140)
	at org.springframework.web.filter.CharacterEncodingFilter.doFilterInternal(CharacterEncodingFilter.java:201)
	at org.springframework.web.filter.OncePerRequestFilter.doFilter(OncePerRequestFilter.java:116)
	at org.apache.catalina.core.ApplicationFilterChain.internalDoFilter(ApplicationFilterChain.java:164)
	at org.apache.catalina.core.ApplicationFilterChain.doFilter(ApplicationFilterChain.java:140)
	at org.apache.catalina.core.StandardWrapperValve.invoke(StandardWrapperValve.java:167)
	at org.apache.catalina.core.StandardContextValve.invoke(StandardContextValve.java:90)
	at org.apache.catalina.authenticator.AuthenticatorBase.invoke(AuthenticatorBase.java:483)
	at org.apache.catalina.core.StandardHostValve.invoke(StandardHostValve.java:116)
	at org.apache.catalina.valves.ErrorReportValve.invoke(ErrorReportValve.java:93)
	at org.apache.catalina.core.StandardEngineValve.invoke(StandardEngineValve.java:74)
	at org.apache.catalina.connector.CoyoteAdapter.service(CoyoteAdapter.java:344)
	at org.apache.coyote.http11.Http11Processor.service(Http11Processor.java:398)
	at org.apache.coyote.AbstractProcessorLight.process(AbstractProcessorLight.java:63)
	at org.apache.coyote.AbstractProtocol$ConnectionHandler.process(AbstractProtocol.java:903)
	at org.apache.tomcat.util.net.NioEndpoint$SocketProcessor.doRun(NioEndpoint.java:1740)
	at org.apache.tomcat.util.net.SocketProcessorBase.run(SocketProcessorBase.java:52)
	at org.apache.tomcat.util.threads.ThreadPoolExecutor.runWorker(ThreadPoolExecutor.java:1189)
	at org.apache.tomcat.util.threads.ThreadPoolExecutor$Worker.run(ThreadPoolExecutor.java:658)
	at org.apache.tomcat.util.threads.TaskThread$WrappingRunnable.run(TaskThread.java:63)
	at java.base/java.lang.Thread.run(Thread.java:1474)

=====================================
TIMESTAMP   : 2026-05-06 12:39:34.920
METHOD      : GET
URI         : /api/schedule
CLIENT IP   : 0:0:0:0:0:0:0:1
STATUS      : 500
DURATION    : 843 ms
HEADERS     : {user-agent=PostmanRuntime/7.53.0, accept=*/*, postman-token=df12e151-b651-4035-ad57-a539ee3118d4, host=localhost:8081, accept-encoding=gzip, deflate, br, connection=keep-alive}
=====================================
[2026-05-06 12:41:33.527] Starting optimal schedule computation...
[2026-05-06 12:41:33.528] Fetching depots from: http://20.207.122.201/evaluation-service/depots
[2026-05-06 12:41:33.946] Successfully fetched 3 depots
[2026-05-06 12:41:33.946] Fetching vehicles from: http://20.207.122.201/evaluation-service/vehicles
[2026-05-06 12:41:34.120] Successfully fetched 39 vehicles
[2026-05-06 12:41:34.120] Computing schedules for 3 depots with 39 vehicles
[2026-05-06 12:41:34.120] Processing Depot ID=1 with capacity=60 hours
[2026-05-06 12:41:34.122] Depot ID=1 => Selected 19 vehicles, Duration=60/60, Impact=127
[2026-05-06 12:41:34.122] Processing Depot ID=2 with capacity=135 hours
[2026-05-06 12:41:34.123] Depot ID=2 => Selected 33 vehicles, Duration=135/135, Impact=197
[2026-05-06 12:41:34.123] Processing Depot ID=3 with capacity=188 hours
[2026-05-06 12:41:34.123] Depot ID=3 => Selected 39 vehicles, Duration=165/188, Impact=206
[2026-05-06 12:41:34.123] Schedule computation completed for all depots

=====================================
TIMESTAMP   : 2026-05-06 12:41:34.165
METHOD      : GET
URI         : /api/schedule
CLIENT IP   : 0:0:0:0:0:0:0:1
STATUS      : 200
DURATION    : 677 ms
HEADERS     : {user-agent=PostmanRuntime/7.53.0, accept=*/*, postman-token=2f83afaf-60d8-4755-90b7-d25130b65f04, host=localhost:8081, accept-encoding=gzip, deflate, br, connection=keep-alive}
=====================================
[2026-05-06 12:46:47.618] Starting optimal schedule computation...
[2026-05-06 12:46:47.618] Fetching depots from: http://20.207.122.201/evaluation-service/depots
[2026-05-06 12:46:47.872] Successfully fetched 5 depots
[2026-05-06 12:46:47.872] Fetching vehicles from: http://20.207.122.201/evaluation-service/vehicles
[2026-05-06 12:46:47.978] Successfully fetched 35 vehicles
[2026-05-06 12:46:47.978] Computing schedules for 5 depots with 35 vehicles
[2026-05-06 12:46:47.978] Processing Depot ID=1 with capacity=60 hours
[2026-05-06 12:46:47.978] Depot ID=1 => Selected 18 vehicles, Duration=60/60, Impact=125
[2026-05-06 12:46:47.978] Processing Depot ID=2 with capacity=135 hours
[2026-05-06 12:46:47.979] Depot ID=2 => Selected 32 vehicles, Duration=135/135, Impact=177
[2026-05-06 12:46:47.979] Processing Depot ID=3 with capacity=188 hours
[2026-05-06 12:46:47.979] Depot ID=3 => Selected 35 vehicles, Duration=153/188, Impact=180
[2026-05-06 12:46:47.979] Processing Depot ID=4 with capacity=97 hours
[2026-05-06 12:46:47.979] Depot ID=4 => Selected 25 vehicles, Duration=97/97, Impact=160
[2026-05-06 12:46:47.979] Processing Depot ID=5 with capacity=164 hours
[2026-05-06 12:46:47.979] Depot ID=5 => Selected 35 vehicles, Duration=153/164, Impact=180
[2026-05-06 12:46:47.979] Schedule computation completed for all depots

=====================================
TIMESTAMP   : 2026-05-06 12:46:47.985
METHOD      : GET
URI         : /api/schedule
CLIENT IP   : 0:0:0:0:0:0:0:1
STATUS      : 200
DURATION    : 368 ms
HEADERS     : {user-agent=PostmanRuntime/7.53.0, accept=*/*, postman-token=8beea58f-52c8-43ba-8d58-673aac919774, host=localhost:8081, accept-encoding=gzip, deflate, br, connection=keep-alive}
=====================================
